checking build system type... aarch64-apple-darwin25.6.0
checking host system type... aarch64-apple-darwin25.6.0
checking for Python interpreter freezing... ./_bootstrap_python
checking for python3.11... python3.11
checking Python for regen version... Python 3.11.14
checking for pkg-config... /opt/homebrew/bin/pkg-config
checking pkg-config is at least version 0.9.0... yes
checking for --enable-universalsdk... no
checking for --with-universal-archs... no
checking MACHDEP... "darwin"
checking for gcc... /usr/bin/clang
checking whether the C compiler works... yes
checking for C compiler default output file name... a.out
checking for suffix of executables... 
checking whether we are cross compiling... no
checking for suffix of object files... o
checking whether we are using the GNU C compiler... yes
checking whether /usr/bin/clang accepts -g... yes
checking for /usr/bin/clang option to accept ISO C89... none needed
checking how to run the C preprocessor... /usr/bin/clang -E
checking for grep that handles long lines and -e... /usr/bin/grep
checking for a sed that does not truncate output... /usr/bin/sed
checking for egrep... /usr/bin/grep -E
checking for CC compiler name... clang
checking for ANSI C header files... yes
checking for sys/types.h... yes
checking for sys/stat.h... yes
checking for stdlib.h... yes
checking for string.h... yes
checking for memory.h... yes
checking for strings.h... yes
checking for inttypes.h... yes
checking for stdint.h... yes
checking for unistd.h... yes
checking minix/config.h usability... no
checking minix/config.h presence... no
checking for minix/config.h... no
checking whether it is safe to define __EXTENSIONS__... yes
checking for --with-cxx-main=<compiler>... no
checking for clang++... no
configure:

  By default, distutils will build C++ extension modules with "clang++".
  If this is not intended, then set CXX on the configure command line.
  
checking for the platform triplet based on compiler characteristics... darwin
checking for multiarch... 
checking for PEP 11 support tier... aarch64-apple-darwin25.6.0/clang has tier 2 (supported)
checking for -Wl,--no-as-needed... no
checking for the Android API level... not Android
checking for --with-emscripten-target... 
checking for --enable-wasm-dynamic-linking... missing
checking for --enable-wasm-pthreads... missing
checking for --with-suffix... 
checking for case-insensitive build directory... yes
checking LIBRARY... libpython$(VERSION)$(ABIFLAGS).a
checking LINKCC... $(PURIFY) $(MAINCC)
checking EXPORTSYMS... 
checking for GNU ld... no
checking for --enable-shared... no
checking for --with-static-libpython... yes
checking for --enable-profiling... no
checking LDLIBRARY... checking HOSTRUNNER... 
libpython$(VERSION)$(ABIFLAGS).a
checking for ar... ar
checking for readelf... no
checking for a BSD-compatible install... /usr/bin/install -c
checking for a thread-safe mkdir -p... ./install-sh -c -d
checking for --with-pydebug... no
checking for --with-trace-refs... no
checking for --enable-pystats... no
checking for --with-assertions... no
checking for --enable-optimizations... no
checking PROFILE_TASK... -m test --pgo --timeout=$(TESTTIMEOUT)
checking for --with-lto... no
checking for llvm-profdata... no
configure: llvm-profdata found via xcrun: /usr/bin/xcrun llvm-profdata
checking if /usr/bin/clang supports -Og optimization level... yes
checking if we can add -Wextra... no
checking whether /usr/bin/clang -fno-strict-aliasing accepts and needs -fno-strict-aliasing... no
checking if we can disable /usr/bin/clang unused-parameter warning... no
checking if we can disable /usr/bin/clang int-conversion warning... no
checking if we can disable /usr/bin/clang missing-field-initializers warning... no
checking if we can enable /usr/bin/clang sign-compare warning... no
checking if we can enable /usr/bin/clang unreachable-code warning... no
checking if we can enable /usr/bin/clang strict-prototypes warning... no
checking if we can make implicit function declaration an error in /usr/bin/clang -Werror=implicit-function-declaration... yes
checking if we can use visibility in /usr/bin/clang -fvisibility=hidden... yes
checking which MACOSX_DEPLOYMENT_TARGET to use... 26.6
checking if specified universal architectures work... yes
checking whether pthreads are available without options... yes
checking whether clang++ also accepts flags for thread support... no
checking alloca.h usability... yes
checking alloca.h presence... yes
checking for alloca.h... yes
checking asm/types.h usability... no
checking asm/types.h presence... no
checking for asm/types.h... no
checking bluetooth.h usability... no
checking bluetooth.h presence... no
checking for bluetooth.h... no
checking conio.h usability... no
checking conio.h presence... no
checking for conio.h... no
checking crypt.h usability... no
checking crypt.h presence... no
checking for crypt.h... no
checking direct.h usability... no
checking direct.h presence... no
checking for direct.h... no
checking dlfcn.h usability... yes
checking dlfcn.h presence... yes
checking for dlfcn.h... yes
checking endian.h usability... no
checking endian.h presence... no
checking for endian.h... no
checking errno.h usability... yes
checking errno.h presence... yes
checking for errno.h... yes
checking fcntl.h usability... yes
checking fcntl.h presence... yes
checking for fcntl.h... yes
checking grp.h usability... yes
checking grp.h presence... yes
checking for grp.h... yes
checking ieeefp.h usability... no
checking ieeefp.h presence... no
checking for ieeefp.h... no
checking io.h usability... no
checking io.h presence... no
checking for io.h... no
checking langinfo.h usability... yes
checking langinfo.h presence... yes
checking for langinfo.h... yes
checking libintl.h usability... no
checking libintl.h presence... no
checking for libintl.h... no
checking libutil.h usability... no
checking libutil.h presence... no
checking for libutil.h... no
checking linux/auxvec.h usability... no
checking linux/auxvec.h presence... no
checking for linux/auxvec.h... no
checking sys/auxv.h usability... no
checking sys/auxv.h presence... no
checking for sys/auxv.h... no
checking linux/limits.h usability... no
checking linux/limits.h presence... no
checking for linux/limits.h... no
checking linux/memfd.h usability... no
checking linux/memfd.h presence... no
checking for linux/memfd.h... no
checking linux/random.h usability... no
checking linux/random.h presence... no
checking for linux/random.h... no
checking linux/soundcard.h usability... no
checking linux/soundcard.h presence... no
checking for linux/soundcard.h... no
checking linux/tipc.h usability... no
checking linux/tipc.h presence... no
checking for linux/tipc.h... no
checking linux/wait.h usability... no
checking linux/wait.h presence... no
checking for linux/wait.h... no
checking netdb.h usability... yes
checking netdb.h presence... yes
checking for netdb.h... yes
checking netinet/in.h usability... yes
checking netinet/in.h presence... yes
checking for netinet/in.h... yes
checking netpacket/packet.h usability... no
checking netpacket/packet.h presence... no
checking for netpacket/packet.h... no
checking poll.h usability... yes
checking poll.h presence... yes
checking for poll.h... yes
checking process.h usability... no
checking process.h presence... no
checking for process.h... no
checking pthread.h usability... yes
checking pthread.h presence... yes
checking for pthread.h... yes
checking pty.h usability... no
checking pty.h presence... no
checking for pty.h... no
checking sched.h usability... yes
checking sched.h presence... yes
checking for sched.h... yes
checking setjmp.h usability... yes
checking setjmp.h presence... yes
checking for setjmp.h... yes
checking shadow.h usability... no
checking shadow.h presence... no
checking for shadow.h... no
checking signal.h usability... yes
checking signal.h presence... yes
checking for signal.h... yes
checking spawn.h usability... yes
checking spawn.h presence... yes
checking for spawn.h... yes
checking stropts.h usability... no
checking stropts.h presence... no
checking for stropts.h... no
checking sys/audioio.h usability... no
checking sys/audioio.h presence... no
checking for sys/audioio.h... no
checking sys/bsdtty.h usability... no
checking sys/bsdtty.h presence... no
checking for sys/bsdtty.h... no
checking sys/devpoll.h usability... no
checking sys/devpoll.h presence... no
checking for sys/devpoll.h... no
checking sys/endian.h usability... yes
checking sys/endian.h presence... yes
checking for sys/endian.h... yes
checking sys/epoll.h usability... no
checking sys/epoll.h presence... no
checking for sys/epoll.h... no
checking sys/event.h usability... yes
checking sys/event.h presence... yes
checking for sys/event.h... yes
checking sys/eventfd.h usability... no
checking sys/eventfd.h presence... no
checking for sys/eventfd.h... no
checking sys/file.h usability... yes
checking sys/file.h presence... yes
checking for sys/file.h... yes
checking sys/ioctl.h usability... yes
checking sys/ioctl.h presence... yes
checking for sys/ioctl.h... yes
checking sys/kern_control.h usability... yes
checking sys/kern_control.h presence... yes
checking for sys/kern_control.h... yes
checking sys/loadavg.h usability... no
checking sys/loadavg.h presence... no
checking for sys/loadavg.h... no
checking sys/lock.h usability... yes
checking sys/lock.h presence... yes
checking for sys/lock.h... yes
checking sys/memfd.h usability... no
checking sys/memfd.h presence... no
checking for sys/memfd.h... no
checking sys/mkdev.h usability... no
checking sys/mkdev.h presence... no
checking for sys/mkdev.h... no
checking sys/mman.h usability... yes
checking sys/mman.h presence... yes
checking for sys/mman.h... yes
checking sys/modem.h usability... no
checking sys/modem.h presence... no
checking for sys/modem.h... no
checking sys/param.h usability... yes
checking sys/param.h presence... yes
checking for sys/param.h... yes
checking sys/poll.h usability... yes
checking sys/poll.h presence... yes
checking for sys/poll.h... yes
checking sys/random.h usability... yes
checking sys/random.h presence... yes
checking for sys/random.h... yes
checking sys/resource.h usability... yes
checking sys/resource.h presence... yes
checking for sys/resource.h... yes
checking sys/select.h usability... yes
checking sys/select.h presence... yes
checking for sys/select.h... yes
checking sys/sendfile.h usability... no
checking sys/sendfile.h presence... no
checking for sys/sendfile.h... no
checking sys/socket.h usability... yes
checking sys/socket.h presence... yes
checking for sys/socket.h... yes
checking sys/soundcard.h usability... no
checking sys/soundcard.h presence... no
checking for sys/soundcard.h... no
checking for sys/stat.h... (cached) yes
checking sys/statvfs.h usability... yes
checking sys/statvfs.h presence... yes
checking for sys/statvfs.h... yes
checking sys/sys_domain.h usability... yes
checking sys/sys_domain.h presence... yes
checking for sys/sys_domain.h... yes
checking sys/syscall.h usability... yes
checking sys/syscall.h presence... yes
checking for sys/syscall.h... yes
checking sys/sysmacros.h usability... no
checking sys/sysmacros.h presence... no
checking for sys/sysmacros.h... no
checking sys/termio.h usability... no
checking sys/termio.h presence... no
checking for sys/termio.h... no
checking sys/time.h usability... yes
checking sys/time.h presence... yes
checking for sys/time.h... yes
checking sys/times.h usability... yes
checking sys/times.h presence... yes
checking for sys/times.h... yes
checking for sys/types.h... (cached) yes
checking sys/uio.h usability... yes
checking sys/uio.h presence... yes
checking for sys/uio.h... yes
checking sys/un.h usability... yes
checking sys/un.h presence... yes
checking for sys/un.h... yes
checking sys/utsname.h usability... yes
checking sys/utsname.h presence... yes
checking for sys/utsname.h... yes
checking sys/wait.h usability... yes
checking sys/wait.h presence... yes
checking for sys/wait.h... yes
checking sys/xattr.h usability... yes
checking sys/xattr.h presence... yes
checking for sys/xattr.h... yes
checking sysexits.h usability... yes
checking sysexits.h presence... yes
checking for sysexits.h... yes
checking syslog.h usability... yes
checking syslog.h presence... yes
checking for syslog.h... yes
checking termios.h usability... yes
checking termios.h presence... yes
checking for termios.h... yes
checking util.h usability... yes
checking util.h presence... yes
checking for util.h... yes
checking utime.h usability... yes
checking utime.h presence... yes
checking for utime.h... yes
checking utmp.h usability... yes
checking utmp.h presence... yes
checking for utmp.h... yes
checking for dirent.h that defines DIR... yes
checking for library containing opendir... none required
checking whether sys/types.h defines makedev... yes
checking bluetooth/bluetooth.h usability... no
checking bluetooth/bluetooth.h presence... no
checking for bluetooth/bluetooth.h... no
checking for net/if.h... yes
checking for linux/netlink.h... no
checking for linux/qrtr.h... no
checking for linux/vm_sockets.h... no
checking for linux/can.h... no
checking for linux/can/bcm.h... no
checking for linux/can/j1939.h... no
checking for linux/can/raw.h... no
checking for netcan/can.h... no
checking for clock_t in time.h... yes
checking for makedev... yes
checking for le64toh... yes
checking for mode_t... yes
checking for off_t... yes
checking for pid_t... yes
checking for size_t... yes
checking for uid_t in sys/types.h... yes
checking for ssize_t... yes
checking for __uint128_t... yes
checking size of int... 4
checking size of long... 8
checking alignment of long... 8
checking size of long long... 8
checking size of void *... 8
checking size of short... 2
checking size of float... 4
checking size of double... 8
checking size of fpos_t... 8
checking size of size_t... 8
checking alignment of size_t... 8
checking size of pid_t... 4
checking size of uintptr_t... 8
checking for long double... yes
checking size of long double... 8
checking size of _Bool... 1
checking size of off_t... 8
checking whether to enable large file support... no
checking size of time_t... 8
checking for pthread_t... yes
checking size of pthread_t... 8
checking size of pthread_key_t... 8
checking whether pthread_key_t is compatible with int... no
checking for --enable-framework... no
checking for dyld... always on for Darwin
checking for --with-address-sanitizer... no
checking for --with-memory-sanitizer... no
checking for --with-undefined-behavior-sanitizer... no
checking the extension of shared libraries... .so
checking LDSHARED... $(CC) -bundle -undefined dynamic_lookup
checking BLDSHARED flags... $(CC) -bundle -undefined dynamic_lookup
checking CCSHARED... 
checking LINKFORSHARED... -Wl,-stack_size,1000000  -framework CoreFoundation
checking CFLAGSFORSHARED... 
checking SHLIBS... $(LIBS)
checking for sendfile in -lsendfile... no
checking for dlopen in -ldl... yes
checking for shl_load in -ldld... no
checking uuid.h usability... no
checking uuid.h presence... no
checking for uuid.h... no
checking for LIBUUID... no
checking uuid/uuid.h usability... yes
checking uuid/uuid.h presence... yes
checking for uuid/uuid.h... yes
checking for uuid_generate_time in -luuid... no
checking for uuid_generate_time_safe in -luuid... no
checking for uuid/uuid.h... (cached) yes
checking for uuid_generate_time... yes
checking for library containing sem_init... none required
checking for textdomain in -lintl... no
checking aligned memory access is required... no
checking for --with-hash-algorithm... default
checking for --with-tzpath... "/usr/share/zoneinfo:/usr/lib/zoneinfo:/usr/share/lib/zoneinfo:/etc/zoneinfo"
checking for t_open in -lnsl... no
checking for socket in -lsocket... no
checking for --with-libs... no
checking for --with-system-expat... no
checking for --with-system-ffi... no
checking for --with-system-libmpdec... no
checking for --with-decimal-contextvar... yes
checking for decimal libmpdec machine... universal
checking for LIBNSL... no
checking for library containing yp_match... none required
checking rpc/rpc.h usability... yes
checking rpc/rpc.h presence... yes
checking for rpc/rpc.h... yes
checking for LIBSQLITE3... yes
checking sqlite3.h usability... yes
checking sqlite3.h presence... yes
checking for sqlite3.h... yes
checking for sqlite3_bind_double in -lsqlite3... yes
checking for sqlite3_column_decltype in -lsqlite3... yes
checking for sqlite3_column_double in -lsqlite3... yes
checking for sqlite3_complete in -lsqlite3... yes
checking for sqlite3_enable_shared_cache in -lsqlite3... yes
checking for sqlite3_progress_handler in -lsqlite3... yes
checking for sqlite3_result_double in -lsqlite3... yes
checking for sqlite3_set_authorizer in -lsqlite3... yes
checking for sqlite3_trace_v2 in -lsqlite3... yes
checking for sqlite3_value_double in -lsqlite3... yes
checking for sqlite3_load_extension in -lsqlite3... no
checking for sqlite3_serialize in -lsqlite3... yes
checking for --enable-loadable-sqlite-extensions... no
checking gdbm.h usability... no
checking gdbm.h presence... no
checking for gdbm.h... no
checking ndbm.h usability... yes
checking ndbm.h presence... yes
checking for ndbm.h... yes
checking for dbm_open in -lndbm... no
checking for dbm_open in -lgdbm_compat... no
checking gdbm/ndbm.h usability... no
checking gdbm/ndbm.h presence... no
checking for gdbm/ndbm.h... no
checking gdbm-ndbm.h usability... no
checking gdbm-ndbm.h presence... no
checking for gdbm-ndbm.h... no
checking db.h usability... yes
checking db.h presence... yes
checking for db.h... yes
checking for libdb... no
checking for --with-dbmliborder... gdbm:ndbm:bdb
checking if PTHREAD_SCOPE_SYSTEM is supported... yes
checking for pthread_sigmask... yes
checking for pthread_getcpuclockid... no
checking if --enable-ipv6 is specified... yes
checking if RFC2553 API is available... yes
checking ipv6 stack type... kame
configure: using libc
checking CAN_RAW_FD_FRAMES... no
checking for CAN_RAW_JOIN_FILTERS... no
checking for --with-doc-strings... yes
checking for --with-pymalloc... yes
checking for --with-freelists... yes
checking for --with-c-locale-coercion... yes
checking for --with-valgrind... no
checking for --with-dtrace... no
checking for dlopen... yes
checking DYNLOADFILE... dynload_shlib.o
checking MACHDEP_OBJS... none
checking for accept4... no
checking for alarm... yes
checking for bind_textdomain_codeset... no
checking for chmod... yes
checking for chown... yes
checking for clock... yes
checking for close_range... no
checking for confstr... yes
checking for copy_file_range... no
checking for ctermid... yes
checking for dup... yes
checking for dup3... no
checking for execv... yes
checking for explicit_bzero... no
checking for explicit_memset... no
checking for faccessat... yes
checking for fchmod... yes
checking for fchmodat... yes
checking for fchown... yes
checking for fchownat... yes
checking for fdopendir... yes
checking for fdwalk... no
checking for fexecve... no
checking for fork... yes
checking for fork1... no
checking for fpathconf... yes
checking for fstatat... yes
checking for ftime... yes
checking for ftruncate... yes
checking for futimens... yes
checking for futimes... yes
checking for futimesat... no
checking for gai_strerror... yes
checking for getegid... yes
checking for getentropy... yes
checking for geteuid... yes
checking for getgid... yes
checking for getgrgid... yes
checking for getgrgid_r... yes
checking for getgrnam_r... yes
checking for getgrouplist... yes
checking for getgroups... yes
checking for gethostname... yes
checking for getitimer... yes
checking for getloadavg... yes
checking for getlogin... yes
checking for getpeername... yes
checking for getpgid... yes
checking for getpid... yes
checking for getppid... yes
checking for getpriority... yes
checking for _getpty... no
checking for getpwent... yes
checking for getpwnam_r... yes
checking for getpwuid... yes
checking for getpwuid_r... yes
checking for getresgid... no
checking for getresuid... no
checking for getrusage... yes
checking for getsid... yes
checking for getspent... no
checking for getspnam... no
checking for getuid... yes
checking for getwd... yes
checking for if_nameindex... yes
checking for initgroups... yes
checking for kill... yes
checking for killpg... yes
checking for lchown... yes
checking for linkat... yes
checking for lockf... yes
checking for lstat... yes
checking for lutimes... yes
checking for madvise... yes
checking for mbrtowc... yes
checking for memrchr... no
checking for mkdirat... yes
checking for mkfifo... yes
checking for mkfifoat... yes
checking for mknod... yes
checking for mknodat... yes
checking for mktime... yes
checking for mmap... yes
checking for mremap... no
checking for nice... yes
checking for openat... yes
checking for opendir... yes
checking for pathconf... yes
checking for pause... yes
checking for pipe... yes
checking for pipe2... no
checking for plock... no
checking for poll... yes
checking for posix_fadvise... no
checking for posix_fallocate... no
checking for posix_spawn... yes
checking for posix_spawnp... yes
checking for pread... yes
checking for preadv... yes
checking for preadv2... no
checking for pthread_condattr_setclock... no
checking for pthread_init... no
checking for pthread_kill... yes
checking for pwrite... yes
checking for pwritev... yes
checking for pwritev2... no
checking for readlink... yes
checking for readlinkat... yes
checking for readv... yes
checking for realpath... yes
checking for renameat... yes
checking for rtpSpawn... no
checking for sched_get_priority_max... yes
checking for sched_rr_get_interval... no
checking for sched_setaffinity... no
checking for sched_setparam... no
checking for sched_setscheduler... no
checking for sem_clockwait... no
checking for sem_getvalue... yes
checking for sem_open... yes
checking for sem_timedwait... no
checking for sem_unlink... yes
checking for sendfile... yes
checking for setegid... yes
checking for seteuid... yes
checking for setgid... yes
checking for sethostname... yes
checking for setitimer... yes
checking for setlocale... yes
checking for setpgid... yes
checking for setpgrp... yes
checking for setpriority... yes
checking for setregid... yes
checking for setresgid... no
checking for setresuid... no
checking for setreuid... yes
checking for setsid... yes
checking for setuid... yes
checking for setvbuf... yes
checking for shutdown... yes
checking for sigaction... yes
checking for sigaltstack... yes
checking for sigfillset... yes
checking for siginterrupt... yes
checking for sigpending... yes
checking for sigrelse... yes
checking for sigtimedwait... no
checking for sigwait... yes
checking for sigwaitinfo... no
checking for snprintf... yes
checking for splice... no
checking for strftime... yes
checking for strlcpy... yes
checking for strsignal... yes
checking for symlinkat... yes
checking for sync... yes
checking for sysconf... yes
checking for system... yes
checking for tcgetpgrp... yes
checking for tcsetpgrp... yes
checking for tempnam... yes
checking for timegm... yes
checking for times... yes
checking for tmpfile... yes
checking for tmpnam... yes
checking for tmpnam_r... no
checking for truncate... yes
checking for ttyname... yes
checking for umask... yes
checking for uname... yes
checking for unlinkat... yes
checking for utimensat... yes
checking for utimes... yes
checking for vfork... yes
checking for wait... yes
checking for wait3... yes
checking for wait4... yes
checking for waitid... yes
checking for waitpid... yes
checking for wcscoll... yes
checking for wcsftime... yes
checking for wcsxfrm... yes
checking for wmemcmp... yes
checking for writev... yes
checking for lchmod... yes
checking whether dirfd is declared... yes
checking for chroot... yes
checking for link... yes
checking for symlink... yes
checking for fchdir... yes
checking for fsync... yes
checking for fdatasync... no
checking for epoll_create... no
checking for epoll_create1... no
checking for kqueue... yes
checking for prlimit... no
checking for _dyld_shared_cache_contains_path... yes
checking for memfd_create... no
checking for eventfd... no
checking for ctermid_r... yes
checking for flock declaration... yes
checking for flock... yes
checking for getpagesize... yes
checking for broken unsetenv... no
checking for true... true
checking for inet_aton in -lc... yes
checking for chflags... yes
checking for lchflags... yes
checking for ZLIB... yes
checking for BZIP2... yes
checking for LIBLZMA... yes
checking for hstrerror... yes
checking for getservbyname... yes
checking for getservbyport... yes
checking for gethostbyname... yes
checking for gethostbyaddr... yes
checking for getprotobyname... yes
checking for inet_aton... yes
checking for inet_ntoa... yes
checking for inet_pton... yes
checking for getpeername... (cached) yes
checking for getsockname... yes
checking for accept... yes
checking for bind... yes
checking for connect... yes
checking for listen... yes
checking for recvfrom... yes
checking for sendto... yes
checking for setsockopt... yes
checking for socket... yes
checking for setgroups... yes
checking for openpty... yes
checking for library containing login_tty... none required
checking for forkpty... yes
checking for fseek64... no
checking for fseeko... yes
checking for fstatvfs... yes
checking for ftell64... no
checking for ftello... yes
checking for statvfs... yes
checking for dup2... yes
checking for getpgrp... yes
checking for setpgrp... (cached) yes
checking for LIBCRYPT... no
checking for library containing crypt_r... no
checking for crypt or crypt_r... yes
checking for clock_gettime... yes
checking for clock_getres... yes
checking for clock_settime... yes
checking for clock_nanosleep... no
checking for clock_nanosleep in -lrt... no
checking for nanosleep... yes
checking for major, minor, and makedev... yes
checking for getaddrinfo... yes
checking getaddrinfo bug... no
checking for getnameinfo... yes
checking whether struct tm is in sys/time.h or time.h... time.h
checking for struct tm.tm_zone... yes
checking for struct stat.st_rdev... yes
checking for struct stat.st_blksize... yes
checking for struct stat.st_flags... yes
checking for struct stat.st_gen... yes
checking for struct stat.st_birthtime... yes
checking for struct stat.st_blocks... yes
checking for struct passwd.pw_gecos... yes
checking for struct passwd.pw_passwd... yes
checking for siginfo_t.si_band... yes
checking for time.h that defines altzone... no
checking for addrinfo... yes
checking for sockaddr_storage... yes
checking for sockaddr_alg... no
checking for an ANSI C-conforming const... yes
checking for working signed char... yes
checking for prototypes... yes
checking for variable length prototypes and stdarg.h... yes
checking for socketpair... yes
checking if sockaddr has sa_len member... yes
checking for gethostbyname_r... no
checking for gethostbyname... (cached) yes
checking for __fpu_control... no
checking for __fpu_control in -lieee... no
checking for --with-libm=STRING... default LIBM=""
checking for --with-libc=STRING... default LIBC=""
checking for x64 gcc inline assembler... no
checking whether float word ordering is bigendian... no
checking whether we can use gcc inline assembler to get and set x87 control word... no
checking whether we can use gcc inline assembler to get and set mc68881 fpcr... no
checking for x87-style double rounding... no
checking for acosh... yes
checking for asinh... yes
checking for atanh... yes
checking for erf... yes
checking for erfc... yes
checking for expm1... yes
checking for log1p... yes
checking for log2... yes
checking whether POSIX semaphores are enabled... yes
checking for broken sem_getvalue... yes
checking whether RTLD_LAZY is declared... yes
checking whether RTLD_NOW is declared... yes
checking whether RTLD_GLOBAL is declared... yes
checking whether RTLD_LOCAL is declared... yes
checking whether RTLD_NODELETE is declared... yes
checking whether RTLD_NOLOAD is declared... yes
checking whether RTLD_DEEPBIND is declared... no
checking whether RTLD_MEMBER is declared... no
checking digit size for Python's longs... no value specified
checking wchar.h usability... yes
checking wchar.h presence... yes
checking for wchar.h... yes
checking size of wchar_t... 4
checking whether wchar_t is signed... yes
checking whether wchar_t is usable... no
checking whether byte ordering is bigendian... no
checking ABIFLAGS... 
checking SOABI... cpython-311-darwin
checking LDVERSION... $(VERSION)$(ABIFLAGS)
checking for --with-platlibdir... no
checking for --with-wheel-pkg-dir... no
checking whether right shift extends the sign bit... yes
checking for getc_unlocked() and friends... yes
checking how to link readline libs... -lreadline
checking whether rl_completion_append_character is declared... yes
checking whether rl_completion_suppress_append is declared... no
checking for rl_pre_input_hook in -lreadline... yes
checking for rl_completion_display_matches_hook in -lreadline... yes
checking for rl_resize_terminal in -lreadline... no
checking for rl_completion_matches in -lreadline... yes
checking whether rl_catch_signals is declared... no
checking for append_history in -lreadline... no
checking for rl_compdisp_func_t... no
checking for broken nice()... no
checking for broken poll()... no
checking for working tzset()... yes
checking for tv_nsec in struct stat... no
checking for tv_nsec2 in struct stat... yes
checking curses.h usability... yes
checking curses.h presence... yes
checking for curses.h... yes
checking ncurses.h usability... yes
checking ncurses.h presence... yes
checking for ncurses.h... yes
checking for term.h... yes
checking whether mvwdelch is an expression... yes
checking whether WINDOW has _flags... yes
checking for curses function is_pad... yes
checking for curses function is_term_resized... yes
checking for curses function resize_term... yes
checking for curses function resizeterm... yes
checking for curses function immedok... yes
checking for curses function syncok... yes
checking for curses function wchgat... yes
checking for curses function filter... yes
checking for curses function has_key... yes
checking for curses function typeahead... yes
checking for curses function use_env... yes
configure: checking for device files
checking for /dev/ptmx... yes
checking for /dev/ptc... no
checking for %zd printf() format support... yes
checking for socklen_t... yes
checking for broken mbstowcs... no
checking for --with-computed-gotos... no value specified
checking whether /usr/bin/clang supports computed gotos... yes
checking for build directories... done
checking for -O2... yes
checking for glibc _FORTIFY_SOURCE/memmove bug... no
checking for stdatomic.h... yes
checking for builtin __atomic_load_n and __atomic_store_n functions... yes
checking for ensurepip... no
checking if the dirent structure of a d_type field... yes
checking for the Linux getrandom() syscall... no
checking for the getrandom() function... no
checking for library containing shm_open... none required
checking for shm_open... yes
checking for shm_unlink... yes
checking for openssl/ssl.h in /opt/homebrew/opt/openssl@3... yes
checking whether compiling and linking against OpenSSL works... yes
checking for --with-openssl-rpath... 
checking whether OpenSSL provides required ssl module APIs... yes
checking whether OpenSSL provides required hashlib module APIs... yes
checking for --with-ssl-default-suites... python
checking for --with-builtin-hashlib-hashes... md5,sha1,sha256,sha512,sha3,blake2
checking for LIBB2... yes
checking for --disable-test-modules... yes
checking for additional Modules/Setup files... 
checking for stdlib extension module _multiprocessing... yes
checking for stdlib extension module _posixshmem... yes
checking for stdlib extension module fcntl... yes
checking for stdlib extension module mmap... yes
checking for stdlib extension module _socket... yes
checking for stdlib extension module grp... yes
checking for stdlib extension module ossaudiodev... n/a
checking for stdlib extension module pwd... yes
checking for stdlib extension module resource... yes
checking for stdlib extension module _scproxy... yes
checking for stdlib extension module spwd... n/a
checking for stdlib extension module syslog... yes
checking for stdlib extension module termios... yes
checking for stdlib extension module pyexpat... yes
checking for stdlib extension module _elementtree... yes
checking for stdlib extension module _md5... yes
checking for stdlib extension module _sha1... yes
checking for stdlib extension module _sha256... yes
checking for stdlib extension module _sha512... yes
checking for stdlib extension module _sha3... yes
checking for stdlib extension module _blake2... yes
checking for stdlib extension module _crypt... yes
checking for stdlib extension module _decimal... yes
checking for stdlib extension module _gdbm... missing
checking for stdlib extension module nis... yes
checking for stdlib extension module _sqlite3... yes
checking for stdlib extension module _tkinter... missing
checking for stdlib extension module _uuid... yes
checking for stdlib extension module zlib... yes
checking for stdlib extension module _bz2... yes
checking for stdlib extension module _lzma... yes
checking for stdlib extension module _ssl... yes
checking for stdlib extension module _hashlib... yes
checking for stdlib extension module _testcapi... yes
checking for stdlib extension module _testclinic... yes
checking for stdlib extension module _testinternalcapi... yes
checking for stdlib extension module _testbuffer... yes
checking for stdlib extension module _testimportmultiple... yes
checking for stdlib extension module _testmultiphase... yes
checking for stdlib extension module _xxtestfuzz... yes
checking for stdlib extension module _ctypes_test... yes
checking for stdlib extension module xxlimited... yes
checking for stdlib extension module xxlimited_35... yes
configure: creating ./config.status
config.status: creating Makefile.pre
config.status: creating Misc/python.pc
config.status: creating Misc/python-embed.pc
config.status: creating Misc/python-config.sh
config.status: creating Modules/Setup.bootstrap
config.status: creating Modules/Setup.stdlib
config.status: creating Modules/ld_so_aix
config.status: creating pyconfig.h
configure: creating Modules/Setup.local
configure: creating Makefile
configure:

If you want a release build with all stable optimizations active (PGO, etc),
please run ./configure --enable-optimizations

